// Jest Snapshot v1, https://goo.gl/fbAQLP

exports[`Favorites matches snapshot 1`] = `
<DocumentFragment>
  <div
    class="Favorites container"
  >
    <h1
      class="display-4 m-3"
    >
      Favorites
    </h1>
    <p
      class="lead"
    >
      You currently have no favorites.
    </p>
  </div>
</DocumentFragment>
`;
